============================= test session starts =============================
platform win32 -- Python 3.14.0, pytest-9.0.2, pluggy-1.6.0 -- C:\Python314\python.exe
cachedir: .pytest_cache
PyQt5 5.15.11 -- Qt runtime 5.15.2 -- Qt compiled 5.15.2
rootdir: c:\Users\cdavi\GitHub_Repos\OneTaskAtATime
configfile: pytest.ini
plugins: cov-7.0.0, qt-4.5.0
collecting ... collected 47 items

tests/e2e/test_concurrency.py::TestConcurrency::test_resurfacing_during_user_action PASSED [  2%]
tests/e2e/test_concurrency.py::TestConcurrency::test_notification_during_dialog SKIPPED [  4%]
tests/e2e/test_concurrency.py::TestConcurrency::test_multiple_comparison_dialogs PASSED [  6%]
tests/e2e/test_concurrency.py::TestConcurrency::test_scheduler_and_ui_thread_interaction PASSED [  8%]
tests/e2e/test_core_workflows.py::TestCoreWorkflows::test_task_lifecycle_active_to_completed SKIPPED [ 10%]
tests/e2e/test_core_workflows.py::TestCoreWorkflows::test_task_lifecycle_defer_workflow SKIPPED [ 12%]
tests/e2e/test_core_workflows.py::TestCoreWorkflows::test_task_lifecycle_delegate_workflow 